// Jest Snapshot v1, https://goo.gl/fbAQLP

exports[`App fetchData should match snapshot 1`] = `
<div
  className="App"
>
  <Switch>
    <Route
      exact={true}
      path="/"
      render={[Function]}
    />
    <Route
      exact={true}
      path="/test"
      render={[Function]}
    />
    <Route
      exact={true}
      path="/account"
      render={[Function]}
    />
    <Route
      exact={true}
      path="/results"
      render={[Function]}
    />
    <BadPathPage />
  </Switch>
</div>
`;
